1. 将新的硬盘连接到主板，插上电源；开机进入BIOS，确认设备已经安装。
2. 开机进入Linux系统，输入命令：`sudo fdisk -l`。无误的话应该能看到对应的设备（这里是`/dev/sda`）：
    ```
    root2@ubuntuX99M:~$ sudo fdisk -l
    [sudo] password for root2: 
    Disk /dev/nvme0n1: 465.8 GiB, 500107862016 bytes, 976773168 sectors
    Units: sectors of 1 * 512 = 512 bytes
    Sector size (logical/physical): 512 bytes / 512 bytes
    I/O size (minimum/optimal): 512 bytes / 512 bytes
    Disklabel type: gpt
    Disk identifier: CC35D1EA-990E-4A98-B553-240EAF9B2002

    Device            Start       End   Sectors   Size Type
    /dev/nvme0n1p1     2048    124927    122880    60M EFI System
    /dev/nvme0n1p2   124928    710655    585728   286M Linux filesystem
    /dev/nvme0n1p3   710656  63211519  62500864  29.8G Linux swap
    /dev/nvme0n1p4 63211520 976771071 913559552 435.6G Linux filesystem


    Disk /dev/sda: 2.7 TiB, 3000592982016 bytes, 5860533168 sectors
    Units: sectors of 1 * 512 = 512 bytes
    Sector size (logical/physical): 512 bytes / 4096 bytes
    I/O size (minimum/optimal): 4096 bytes / 4096 bytes
    ```
3. 输入命令`sudo fdisk /dev/sda`进行磁盘分区。进入交互式界面后，输入`n`新建分区，随后会提示选择主分区or逻辑分区、分区ID、起始和终止扇区的编号等等，均默认即可（即只划分一个分区作为home目录），随后输入`w`写入：
    ```
    Command (m for help): n
    Partition type
       p   primary (0 primary, 0 extended, 4 free)
       e   extended (container for logical partitions)
    Select (default p): p
    Partition number (1-4, default 1): 1
    First sector (2048-4294967295, default 2048): 
    Last sector, +sectors or +size{K,M,G,T,P} (2048-4294967294, default 4294967294): 

    Created a new partition 1 of type 'Linux' and of size 2 TiB.

    Command (m for help): w
    The partition table has been altered.
    Calling ioctl() to re-read partition table.
    Syncing disks.
    ```
4. 再次输入`sudo fdisk -l`确认，会发现设备`/dev/sda`已经有了一个分区：
    ```
    Disk /dev/sda: 2.7 TiB, 3000592982016 bytes, 5860533168 sectors
    Units: sectors of 1 * 512 = 512 bytes
    Sector size (logical/physical): 512 bytes / 4096 bytes
    I/O size (minimum/optimal): 4096 bytes / 4096 bytes
    Disklabel type: dos
    Disk identifier: 0xbc66af95

    Device     Boot Start        End    Sectors Size Id Type
    /dev/sda1        2048 4294967294 4294965247   2T 83 Linux
    ```
5. 以上是使用`fdisk`命令进行分区的方法，但是实际发现，使用`fdisk`只能创建最大2TB的分区，而对于我们3TB的硬盘，需要使用`parted`工具来进行分区（参考：[磁盘挂载问题：Fdisk最大只能创建2T分区的盘，超过2T使用parted](https://www.cnblogs.com/kevingrace/p/7612741.html)）。
6. 先把之前使用`fdisk`创建的分区删除，运行`sudo fdisk /dev/sda`，然后`d`删除分区，然后`w`写入即可。
7. 然后使用`sudo parted /dev/sda`命令，进入交互命令界面，进行分区：
    ```
    root2@ubuntuX99M:/$ sudo parted /dev/sda 
    GNU Parted 3.2
    Using /dev/sda
    Welcome to GNU Parted! Type 'help' to view a list of commands.
    (parted) p                                                                
    Model: ATA ST3000VX010-2H91 (scsi)
    Disk /dev/sda: 3001GB
    Sector size (logical/physical): 512B/4096B
    Partition Table: msdos
    Disk Flags: 

    Number  Start  End  Size  Type  File system  Flags

    (parted) mklabel gpt                                                      
    Warning: The existing disk label on /dev/sda will be destroyed and all data on this disk will be lost. Do you want to continue?
    Yes/No? y                                                                 
    (parted) mkpart
    Partition name?  []? sda1                                                 
    File system type?  [ext2]? ext4                                           
    Start? 2048                                                               
    End? 3001GB                                                               
    (parted) p                                                                
    Model: ATA ST3000VX010-2H91 (scsi)
    Disk /dev/sda: 3001GB
    Sector size (logical/physical): 512B/4096B
    Partition Table: gpt
    Disk Flags: 

    Number  Start   End     Size    File system  Name  Flags
     1      2048MB  3001GB  2999GB  ext4         sda1

    (parted) quit                                                             
    Information: You may need to update /etc/fstab.
    ```
8. 输入命令`sudo mkfs.ext4 -T largefile /dev/sda1`对磁盘进行格式化、创建文件系统ext4。
9. 格式化完毕后，使用`sudo mount /dev/sda1 /home/disk1`将磁盘挂载到`/home/disk1`目录下，之前需要先创建该目录。
10. 可以使用命令`df -hT`查看是否挂载上：
    ```
    root2@ubuntuX99M:/$ df -hT
    Filesystem     Type      Size  Used Avail Use% Mounted on
    udev           devtmpfs   32G     0   32G   0% /dev
    tmpfs          tmpfs     6.3G  9.4M  6.3G   1% /run
    /dev/nvme0n1p4 ext4      429G  108G  300G  27% /
    tmpfs          tmpfs      32G     0   32G   0% /dev/shm
    tmpfs          tmpfs     5.0M     0  5.0M   0% /run/lock
    tmpfs          tmpfs      32G     0   32G   0% /sys/fs/cgroup
    /dev/nvme0n1p2 ext4      269M  120M  132M  48% /boot
    /dev/nvme0n1p1 vfat       60M  3.4M   56M   6% /boot/efi
    tmpfs          tmpfs     6.3G     0  6.3G   0% /run/user/1014
    tmpfs          tmpfs     6.3G     0  6.3G   0% /run/user/1018
    tmpfs          tmpfs     6.3G     0  6.3G   0% /run/user/1021
    /dev/sda1      ext4      2.8T   73M  2.6T   1% /home/disk1
    ```
11. 将挂载信息写入`/etc/fstab`文件，使之在系统启动时自动挂载。在文件中新增一行如下：
    ```
    ```

参考：[linux系统下添加新硬盘、分区及挂载全过程详解](https://zhuanlan.zhihu.com/p/117651379)
