1. 将新的硬盘连接到主板，插上电源；开机进入BIOS，确认设备已经安装。
2. 开机进入Linux系统，输入命令：`sudo fdisk -l`。无误的话应该能看到对应的设备（这里是`/dev/sda`）：
    ```
    root2@ubuntuX99M:~$ sudo fdisk -l
    [sudo] password for root2: 
    Disk /dev/nvme0n1: 465.8 GiB, 500107862016 bytes, 976773168 sectors
    Units: sectors of 1 * 512 = 512 bytes
    Sector size (logical/physical): 512 bytes / 512 bytes
    I/O size (minimum/optimal): 512 bytes / 512 bytes
    Disklabel type: gpt
    Disk identifier: CC35D1EA-990E-4A98-B553-240EAF9B2002

    Device            Start       End   Sectors   Size Type
    /dev/nvme0n1p1     2048    124927    122880    60M EFI System
    /dev/nvme0n1p2   124928    710655    585728   286M Linux filesystem
    /dev/nvme0n1p3   710656  63211519  62500864  29.8G Linux swap
    /dev/nvme0n1p4 63211520 976771071 913559552 435.6G Linux filesystem


    Disk /dev/sda: 2.7 TiB, 3000592982016 bytes, 5860533168 sectors
    Units: sectors of 1 * 512 = 512 bytes
    Sector size (logical/physical): 512 bytes / 4096 bytes
    I/O size (minimum/optimal): 4096 bytes / 4096 bytes
    ```
3. 输入命令`sudo fdisk /dev/sda`进行磁盘分区。进入交互式界面后，输入`n`新建分区，随后会提示选择主分区or逻辑分区、分区ID、起始和终止扇区的编号等等，均默认即可（即只划分一个分区作为home目录），随后输入`w`写入：
    ```
    Command (m for help): n
    Partition type
       p   primary (0 primary, 0 extended, 4 free)
       e   extended (container for logical partitions)
    Select (default p): p
    Partition number (1-4, default 1): 1
    First sector (2048-4294967295, default 2048): 
    Last sector, +sectors or +size{K,M,G,T,P} (2048-4294967294, default 4294967294): 

    Created a new partition 1 of type 'Linux' and of size 2 TiB.

    Command (m for help): w
    The partition table has been altered.
    Calling ioctl() to re-read partition table.
    Syncing disks.
    ```
4. 再次输入`sudo fdisk -l`确认，会发现设备`/dev/sda`已经有了一个分区：
    ```
    Disk /dev/sda: 2.7 TiB, 3000592982016 bytes, 5860533168 sectors
    Units: sectors of 1 * 512 = 512 bytes
    Sector size (logical/physical): 512 bytes / 4096 bytes
    I/O size (minimum/optimal): 4096 bytes / 4096 bytes
    Disklabel type: dos
    Disk identifier: 0xbc66af95

    Device     Boot Start        End    Sectors Size Id Type
    /dev/sda1        2048 4294967294 4294965247   2T 83 Linux
    ```
5. 输入命令`sudo mkfs -t ext4 -c /dev/sda1`对磁盘进行格式化、创建文件系统ext4。这一步会比较耗时。
6. 格式化完毕后，使用`sudo mount /dev/sda1 /home/disk1`将磁盘挂载到`/home/disk1`目录下，之前需要先创建该目录。
7. 可以使用命令`df -hT`查看是否挂载上：
    ```
    ```
8. 将挂载信息写入`/etc/fstab`文件，使之在系统启动时自动挂载。在文件中新增一行如下：
    ```
    ```

参考：[linux系统下添加新硬盘、分区及挂载全过程详解](https://zhuanlan.zhihu.com/p/117651379)
